MPLINK 4.49, Linker
Linker Map File - Created Wed May 23 11:40:44 2018

                                 Section Info
                  Section       Type    Address   Location Size(Bytes)
                ---------  ---------  ---------  ---------  ---------
                   .org_0       code   0x000000    program   0x000000
                   .org_1       code   0x000000    program   0x00004c
       .config_2007_4_2.O       code   0x002007    program   0x000002



                              Program Memory Usage 
                               Start         End      
                           ---------   ---------      
                            0x000000    0x000025      
                            0x002007    0x002007      
            39 out of 1094 program addresses used, program memory utilization is 3%



                              Symbols - Sorted by Name
                     Name    Address   Location    Storage File                     
                ---------  ---------  ---------  --------- ---------                
                     INIT   0x000000    program     static C:\Code\Assembler\class\4_2.asm
                     LOOP   0x000006    program     static C:\Code\Assembler\class\4_2.asm
                 LOOP100U   0x000015    program     static C:\Code\Assembler\class\4_2.asm
                 LOOP125M   0x000022    program     static C:\Code\Assembler\class\4_2.asm
                   LOOP5M   0x00001a    program     static C:\Code\Assembler\class\4_2.asm
                     STEP   0x00000c    program     static C:\Code\Assembler\class\4_2.asm
                 TIME100U   0x000011    program     static C:\Code\Assembler\class\4_2.asm
                 TIME125M   0x000020    program     static C:\Code\Assembler\class\4_2.asm
                   TIME5M   0x000018    program     static C:\Code\Assembler\class\4_2.asm



                              Symbols - Sorted by Address
                     Name    Address   Location    Storage File                     
                ---------  ---------  ---------  --------- ---------                
                     INIT   0x000000    program     static C:\Code\Assembler\class\4_2.asm
                     LOOP   0x000006    program     static C:\Code\Assembler\class\4_2.asm
                     STEP   0x00000c    program     static C:\Code\Assembler\class\4_2.asm
                 TIME100U   0x000011    program     static C:\Code\Assembler\class\4_2.asm
                 LOOP100U   0x000015    program     static C:\Code\Assembler\class\4_2.asm
                   TIME5M   0x000018    program     static C:\Code\Assembler\class\4_2.asm
                   LOOP5M   0x00001a    program     static C:\Code\Assembler\class\4_2.asm
                 TIME125M   0x000020    program     static C:\Code\Assembler\class\4_2.asm
                 LOOP125M   0x000022    program     static C:\Code\Assembler\class\4_2.asm


