MPASM  5.51                           7_1.ASM   7-18-2018  9:19:08         PAGE  1


LOC  OBJECT CODE     LINE SOURCE TEXT
  VALUE

                      00001         LIST P=PIC16F84A
                      00002         #INCLUDE <P16F84A.INC>
                      00001         LIST
                      00002 
                      00003 ;==========================================================================
                      00004 ;  MPASM PIC16F84A processor include
                      00005 ; 
                      00006 ;  (c) Copyright 1999-2013 Microchip Technology, All rights reserved
                      00007 ;==========================================================================
                      00008 
                      00208         LIST
                      00003 
2007   3FF2           00004         __CONFIG _HS_OSC & _CP_OFF &_WDT_OFF & _PWRTE_ON
                      00005 
  0000000C            00006 W_TEMP  EQU     0CH
  0000000D            00007 STATUS_TEMP     EQU     0DH
  0000000E            00008 TMP     EQU     0EH
  0000000F            00009 CNT     EQU     0FH
                      00010 
0000                  00011         ORG     0H
0000   2813           00012         GOTO    MAIN
                      00013         
0004                  00014         ORG     04H
                      00015 
                      00016 ;PUSH
0004   008C           00017         MOVWF   W_TEMP
0005   0803           00018         MOVF    STATUS, W
0006   008D           00019         MOVWF   STATUS_TEMP
                      00020 
                      00021         ;IF TMR0 INT
0007   1D0B           00022         BTFSS   INTCON, T0IF
0008   280E           00023         GOTO    OTHER
0009   0A8F           00024         INCF    CNT, F
000A   303D           00025         MOVLW   D'61'
000B   0081           00026         MOVWF   TMR0
000C   110B           00027         BCF     INTCON, T0IF    ;DEAR TMR0 INTERRUPTS FLAG
000D   280E           00028         GOTO    POP
                      00029 
000E                  00030 OTHER
                      00031 
000E                  00032 POP
000E   080D           00033         MOVF    STATUS_TEMP, W
000F   0083           00034         MOVWF   STATUS
0010   0E8C           00035         SWAPF   W_TEMP, F
0011   0E0C           00036         SWAPF   W_TEMP, W
                      00037 
0012   0009           00038         RETFIE
                      00039         
                      00040 ;REMAINING GOES HERE
                      00041 
0013                  00042 MAIN
0013   138B           00043         BCF     INTCON, GIE
0014   1683           00044         BSF     STATUS, RP0
MPASM  5.51                           7_1.ASM   7-18-2018  9:19:08         PAGE  2


LOC  OBJECT CODE     LINE SOURCE TEXT
  VALUE

Message[302]: Register in operand not in bank 0.  Ensure that bank bits are correct.
0015   0186           00045         CLRF    TRISB
0016   3086           00046         MOVLW   086H
Message[302]: Register in operand not in bank 0.  Ensure that bank bits are correct.
0017   0081           00047         MOVWF   OPTION_REG
0018   1283           00048         BCF     STATUS, RP0
0019   0186           00049         CLRF    PORTB
001A   018E           00050         CLRF    TMP
001B   303D           00051         MOVLW   D'61'
001C   0081           00052         MOVWF   TMR0
001D   168B           00053         BSF     INTCON, T0IE
001E   178B           00054         BSF     INTCON, GIE
                      00055 
001F                  00056 MAINLP
001F   080E           00057         MOVF    TMP, W
0020   202F           00058         CALL    BCD
0021   0086           00059         MOVWF   PORTB
0022   018F           00060         CLRF    CNT
0023   202A           00061         CALL    TIME01
0024   0A8E           00062         INCF    TMP, F
0025   080E           00063         MOVF    TMP, W
0026   3C64           00064         SUBLW   d'100'
0027   1903           00065         BTFSC   STATUS, Z
0028   018E           00066         CLRF    TMP
0029   281F           00067         GOTO    MAINLP
                      00068 
002A                  00069 TIME01
002A   080F           00070         MOVF    CNT, W
002B   3C14           00071         SUBLW   D'20'
002C   1D03           00072         BTFSS   STATUS, Z
002D   282A           00073         GOTO    TIME01
002E   0008           00074         RETURN
                      00075 
002F                  00076 BCD
002F   39FF           00077         ANDLW   0FFH
0030   0782           00078         ADDWF   PCL, F
0031   3400           00079         RETLW   00H
0032   3401           00080         RETLW   01H
0033   3402           00081         RETLW   02H
0034   3403           00082         RETLW   03H
0035   3404           00083         RETLW   04H
0036   3405           00084         RETLW   05H
0037   3406           00085         RETLW   06H
0038   3407           00086         RETLW   07H
0039   3408           00087         RETLW   08H
003A   3409           00088         RETLW   09H
003B   3410           00089         RETLW   10H
003C   3411           00090         RETLW   11H
003D   3412           00091         RETLW   12H
003E   3413           00092         RETLW   13H
003F   3414           00093         RETLW   14H
0040   3415           00094         RETLW   15H
0041   3416           00095         RETLW   16H
MPASM  5.51                           7_1.ASM   7-18-2018  9:19:08         PAGE  3


LOC  OBJECT CODE     LINE SOURCE TEXT
  VALUE

0042   3417           00096         RETLW   17H
0043   3418           00097         RETLW   18H
0044   3419           00098         RETLW   19H
0045   3420           00099         RETLW   20H
0046   3421           00100         RETLW   21H
0047   3422           00101         RETLW   22H
0048   3423           00102         RETLW   23H
0049   3424           00103         RETLW   24H
004A   3425           00104         RETLW   25H
004B   3426           00105         RETLW   26H
004C   3427           00106         RETLW   27H
004D   3428           00107         RETLW   28H
004E   3429           00108         RETLW   29H
004F   3430           00109         RETLW   30H
0050   3431           00110         RETLW   31H
0051   3432           00111         RETLW   32H
0052   3433           00112         RETLW   33H
0053   3434           00113         RETLW   34H
0054   3435           00114         RETLW   35H
0055   3436           00115         RETLW   36H
0056   3437           00116         RETLW   37H
0057   3438           00117         RETLW   38H
0058   3439           00118         RETLW   39H
0059   3440           00119         RETLW   40H
005A   3441           00120         RETLW   41H
005B   3442           00121         RETLW   42H
005C   3443           00122         RETLW   43H
005D   3444           00123         RETLW   44H
005E   3445           00124         RETLW   45H
005F   3446           00125         RETLW   46H
0060   3447           00126         RETLW   47H
0061   3448           00127         RETLW   48H
0062   3449           00128         RETLW   49H
0063   3450           00129         RETLW   50H
0064   3451           00130         RETLW   51H
0065   3452           00131         RETLW   52H
0066   3453           00132         RETLW   53H
0067   3454           00133         RETLW   54H
0068   3455           00134         RETLW   55H
0069   3456           00135         RETLW   56H
006A   3457           00136         RETLW   57H
006B   3458           00137         RETLW   58H
006C   3459           00138         RETLW   59H
006D   3460           00139         RETLW   60H
006E   3461           00140         RETLW   61H
006F   3462           00141         RETLW   62H
0070   3463           00142         RETLW   63H
0071   3464           00143         RETLW   64H
0072   3465           00144         RETLW   65H
0073   3466           00145         RETLW   66H
0074   3467           00146         RETLW   67H
0075   3468           00147         RETLW   68H
0076   3469           00148         RETLW   69H
MPASM  5.51                           7_1.ASM   7-18-2018  9:19:08         PAGE  4


LOC  OBJECT CODE     LINE SOURCE TEXT
  VALUE

0077   3470           00149         RETLW   70H
0078   3471           00150         RETLW   71H
0079   3472           00151         RETLW   72H
007A   3473           00152         RETLW   73H
007B   3474           00153         RETLW   74H
007C   3475           00154         RETLW   75H
007D   3476           00155         RETLW   76H
007E   3477           00156         RETLW   77H
007F   3478           00157         RETLW   78H
0080   3479           00158         RETLW   79H
0081   3480           00159         RETLW   80H
0082   3481           00160         RETLW   81H
0083   3482           00161         RETLW   82H
0084   3483           00162         RETLW   83H
0085   3484           00163         RETLW   84H
0086   3485           00164         RETLW   85H
0087   3486           00165         RETLW   86H
0088   3487           00166         RETLW   87H
0089   3488           00167         RETLW   88H
008A   3489           00168         RETLW   89H
008B   3490           00169         RETLW   90H
008C   3491           00170         RETLW   91H
008D   3492           00171         RETLW   92H
008E   3493           00172         RETLW   93H
008F   3494           00173         RETLW   94H
0090   3495           00174         RETLW   95H
0091   3496           00175         RETLW   96H
0092   3497           00176         RETLW   97H
0093   3498           00177         RETLW   98H
0094   3499           00178         RETLW   99H
                      00179         
                      00180         END
MPASM  5.51                           7_1.ASM   7-18-2018  9:19:08         PAGE  5


SYMBOL TABLE
  LABEL                             VALUE 

BCD                               0000002F
C                                 00000000
CNT                               0000000F
DC                                00000001
EEADR                             00000009
EECON1                            00000088
EECON2                            00000089
EEDATA                            00000008
EEIE                              00000006
EEIF                              00000004
F                                 00000001
FSR                               00000004
GIE                               00000007
INDF                              00000000
INTCON                            0000000B
INTE                              00000004
INTEDG                            00000006
INTF                              00000001
IRP                               00000007
MAIN                              00000013
MAINLP                            0000001F
NOT_PD                            00000003
NOT_RBPU                          00000007
NOT_TO                            00000004
OPTION_REG                        00000081
OTHER                             0000000E
PCL                               00000002
PCLATH                            0000000A
POP                               0000000E
PORTA                             00000005
PORTB                             00000006
PS0                               00000000
PS1                               00000001
PS2                               00000002
PSA                               00000003
RA0                               00000000
RA1                               00000001
RA2                               00000002
RA3                               00000003
RA4                               00000004
RB0                               00000000
RB1                               00000001
RB2                               00000002
RB3                               00000003
RB4                               00000004
RB5                               00000005
RB6                               00000006
RB7                               00000007
RBIE                              00000003
RBIF                              00000000
RD                                00000000
RP0                               00000005
RP1                               00000006
MPASM  5.51                           7_1.ASM   7-18-2018  9:19:08         PAGE  6


SYMBOL TABLE
  LABEL                             VALUE 

STATUS                            00000003
STATUS_TEMP                       0000000D
T0CS                              00000005
T0IE                              00000005
T0IF                              00000002
T0SE                              00000004
TIME01                            0000002A
TMP                               0000000E
TMR0                              00000001
TMR0IE                            00000005
TMR0IF                            00000002
TRISA                             00000085
TRISA0                            00000000
TRISA1                            00000001
TRISA2                            00000002
TRISA3                            00000003
TRISA4                            00000004
TRISB                             00000086
TRISB0                            00000000
TRISB1                            00000001
TRISB2                            00000002
TRISB3                            00000003
TRISB4                            00000004
TRISB5                            00000005
TRISB6                            00000006
TRISB7                            00000007
W                                 00000000
WR                                00000001
WREN                              00000002
WRERR                             00000003
W_TEMP                            0000000C
Z                                 00000002
_CONFIG                           00002007
_CP_OFF                           00003FFF
_CP_ON                            0000000F
_DEVID1                           00002006
_FOSC_EXTRC                       00003FFF
_FOSC_HS                          00003FFE
_FOSC_LP                          00003FFC
_FOSC_XT                          00003FFD
_HS_OSC                           00003FFE
_IDLOC0                           00002000
_IDLOC1                           00002001
_IDLOC2                           00002002
_IDLOC3                           00002003
_LP_OSC                           00003FFC
_PWRTE_OFF                        00003FFF
_PWRTE_ON                         00003FF7
_RC_OSC                           00003FFF
_WDTE_OFF                         00003FFB
_WDTE_ON                          00003FFF
_WDT_OFF                          00003FFB
_WDT_ON                           00003FFF
MPASM  5.51                           7_1.ASM   7-18-2018  9:19:08         PAGE  7


SYMBOL TABLE
  LABEL                             VALUE 

_XT_OSC                           00003FFD
__16F84A                          00000001


MEMORY USAGE MAP ('X' = Used,  '-' = Unused)

0000 : X---XXXXXXXXXXXX XXXXXXXXXXXXXXXX XXXXXXXXXXXXXXXX XXXXXXXXXXXXXXXX
0040 : XXXXXXXXXXXXXXXX XXXXXXXXXXXXXXXX XXXXXXXXXXXXXXXX XXXXXXXXXXXXXXXX
0080 : XXXXXXXXXXXXXXXX XXXXX----------- ---------------- ----------------
2000 : -------X-------- ---------------- ---------------- ----------------

All other memory blocks unused.

Program Memory Words Used:   146
Program Memory Words Free:   878


Errors   :     0
Warnings :     0 reported,     0 suppressed
Messages :     2 reported,     0 suppressed

