MPLINK 4.49, Linker
Linker Map File - Created Wed Jun 27 10:13:19 2018

                                 Section Info
                  Section       Type    Address   Location Size(Bytes)
                ---------  ---------  ---------  ---------  ---------
                   .org_0       code   0x000000    program   0x000000
                   .org_1       code   0x000000    program   0x0001a8
 .config_2007_PICSOURCE.O       code   0x002007    program   0x000002



                              Program Memory Usage 
                               Start         End      
                           ---------   ---------      
                            0x000000    0x0000d3      
                            0x002007    0x002007      
            213 out of 1094 program addresses used, program memory utilization is 19%



                              Symbols - Sorted by Name
                     Name    Address   Location    Storage File                     
                ---------  ---------  ---------  --------- ---------                
                 BASETIME   0x0000b3    program     static C:\Code\Assembler\class\picsource.asm
                       L3   0x0000b4    program     static C:\Code\Assembler\class\picsource.asm
                       L4   0x0000b9    program     static C:\Code\Assembler\class\picsource.asm
                    LOOP1   0x0000c1    program     static C:\Code\Assembler\class\picsource.asm
                    LOOP2   0x0000c8    program     static C:\Code\Assembler\class\picsource.asm
                    LOOP3   0x0000d0    program     static C:\Code\Assembler\class\picsource.asm
                LOOP_ODO4   0x00005c    program     static C:\Code\Assembler\class\picsource.asm
                LOOP_OFA4   0x00006c    program     static C:\Code\Assembler\class\picsource.asm
                LOOP_OMI4   0x00007c    program     static C:\Code\Assembler\class\picsource.asm
                LOOP_ORA4   0x00004c    program     static C:\Code\Assembler\class\picsource.asm
                LOOP_ORE4   0x00009c    program     static C:\Code\Assembler\class\picsource.asm
                LOOP_OSO4   0x00008c    program     static C:\Code\Assembler\class\picsource.asm
                     MAIN   0x000000    program     static C:\Code\Assembler\class\picsource.asm
                   MAINLP   0x000007    program     static C:\Code\Assembler\class\picsource.asm
                       MU   0x0000a8    program     static C:\Code\Assembler\class\picsource.asm
                   MU_LEN   0x0000aa    program     static C:\Code\Assembler\class\picsource.asm
                  MU_LOOP   0x0000ac    program     static C:\Code\Assembler\class\picsource.asm
                     ODO4   0x000058    program     static C:\Code\Assembler\class\picsource.asm
                 ODO4_LEN   0x00005a    program     static C:\Code\Assembler\class\picsource.asm
                     OFA4   0x000068    program     static C:\Code\Assembler\class\picsource.asm
                 OFA4_LEN   0x00006a    program     static C:\Code\Assembler\class\picsource.asm
                     OMI4   0x000078    program     static C:\Code\Assembler\class\picsource.asm
                 OMI4_LEN   0x00007a    program     static C:\Code\Assembler\class\picsource.asm
                     ORA4   0x000048    program     static C:\Code\Assembler\class\picsource.asm
                 ORA4_LEN   0x00004a    program     static C:\Code\Assembler\class\picsource.asm
                     ORE4   0x000098    program     static C:\Code\Assembler\class\picsource.asm
                 ORE4_LEN   0x00009a    program     static C:\Code\Assembler\class\picsource.asm
                     OSO4   0x000088    program     static C:\Code\Assembler\class\picsource.asm
                 OSO4_LEN   0x00008a    program     static C:\Code\Assembler\class\picsource.asm
                 TIME100U   0x0000c4    program     static C:\Code\Assembler\class\picsource.asm
                  TIME10M   0x0000cc    program     static C:\Code\Assembler\class\picsource.asm
                  TIME10U   0x0000bd    program     static C:\Code\Assembler\class\picsource.asm



                              Symbols - Sorted by Address
                     Name    Address   Location    Storage File                     
                ---------  ---------  ---------  --------- ---------                
                     MAIN   0x000000    program     static C:\Code\Assembler\class\picsource.asm
                   MAINLP   0x000007    program     static C:\Code\Assembler\class\picsource.asm
                     ORA4   0x000048    program     static C:\Code\Assembler\class\picsource.asm
                 ORA4_LEN   0x00004a    program     static C:\Code\Assembler\class\picsource.asm
                LOOP_ORA4   0x00004c    program     static C:\Code\Assembler\class\picsource.asm
                     ODO4   0x000058    program     static C:\Code\Assembler\class\picsource.asm
                 ODO4_LEN   0x00005a    program     static C:\Code\Assembler\class\picsource.asm
                LOOP_ODO4   0x00005c    program     static C:\Code\Assembler\class\picsource.asm
                     OFA4   0x000068    program     static C:\Code\Assembler\class\picsource.asm
                 OFA4_LEN   0x00006a    program     static C:\Code\Assembler\class\picsource.asm
                LOOP_OFA4   0x00006c    program     static C:\Code\Assembler\class\picsource.asm
                     OMI4   0x000078    program     static C:\Code\Assembler\class\picsource.asm
                 OMI4_LEN   0x00007a    program     static C:\Code\Assembler\class\picsource.asm
                LOOP_OMI4   0x00007c    program     static C:\Code\Assembler\class\picsource.asm
                     OSO4   0x000088    program     static C:\Code\Assembler\class\picsource.asm
                 OSO4_LEN   0x00008a    program     static C:\Code\Assembler\class\picsource.asm
                LOOP_OSO4   0x00008c    program     static C:\Code\Assembler\class\picsource.asm
                     ORE4   0x000098    program     static C:\Code\Assembler\class\picsource.asm
                 ORE4_LEN   0x00009a    program     static C:\Code\Assembler\class\picsource.asm
                LOOP_ORE4   0x00009c    program     static C:\Code\Assembler\class\picsource.asm
                       MU   0x0000a8    program     static C:\Code\Assembler\class\picsource.asm
                   MU_LEN   0x0000aa    program     static C:\Code\Assembler\class\picsource.asm
                  MU_LOOP   0x0000ac    program     static C:\Code\Assembler\class\picsource.asm
                 BASETIME   0x0000b3    program     static C:\Code\Assembler\class\picsource.asm
                       L3   0x0000b4    program     static C:\Code\Assembler\class\picsource.asm
                       L4   0x0000b9    program     static C:\Code\Assembler\class\picsource.asm
                  TIME10U   0x0000bd    program     static C:\Code\Assembler\class\picsource.asm
                    LOOP1   0x0000c1    program     static C:\Code\Assembler\class\picsource.asm
                 TIME100U   0x0000c4    program     static C:\Code\Assembler\class\picsource.asm
                    LOOP2   0x0000c8    program     static C:\Code\Assembler\class\picsource.asm
                  TIME10M   0x0000cc    program     static C:\Code\Assembler\class\picsource.asm
                    LOOP3   0x0000d0    program     static C:\Code\Assembler\class\picsource.asm


